src/app/(app)/reports/page.tsx(130,90): error TS2363: The right-hand side of an arithmetic operation must be of type 'any', 'number', 'bigint' or an enum type.
src/app/(app)/reports/page.tsx(412,39): error TS2339: Property 'getNumberOfPages' does not exist on type '{ events: PubSub; scaleFactor: number; pageSize: { width: number; getWidth: () => number; height: number; getHeight: () => number; }; pages: number[]; getEncryptor(objectId: number): (data: string) => string; }'.
src/app/(app)/reports/page.tsx(425,13): error TS2322: Type '({ content: string; styles: { cellPadding: { left: number; }; halign?: undefined; }; } | { content: string; styles: { halign: string; cellPadding?: undefined; }; })[]' is not assignable to type 'RowInput'.
  Type '({ content: string; styles: { cellPadding: { left: number; }; halign?: undefined; }; } | { content: string; styles: { halign: string; cellPadding?: undefined; }; })[]' is not assignable to type 'CellInput[]'.
    Type '{ content: string; styles: { cellPadding: { left: number; }; halign?: undefined; }; } | { content: string; styles: { halign: string; cellPadding?: undefined; }; }' is not assignable to type 'CellInput'.
      Type '{ content: string; styles: { halign: string; cellPadding?: undefined; }; }' is not assignable to type 'CellInput'.
        Type '{ content: string; styles: { halign: string; cellPadding?: undefined; }; }' is not assignable to type 'CellDef'.
          The types of 'styles.halign' are incompatible between these types.
            Type 'string' is not assignable to type 'HAlignType | undefined'.
src/app/(app)/reports/page.tsx(426,43): error TS2322: Type '{ fontStyle: string; }' is not assignable to type 'Partial<Styles>'.
  Types of property 'fontStyle' are incompatible.
    Type 'string' is not assignable to type 'FontStyle | undefined'.
src/app/(app)/reports/page.tsx(426,73): error TS2322: Type '{ content: string; styles: { halign: string; fontStyle: string; }; }' is not assignable to type 'CellInput'.
  The types of 'styles.fontStyle' are incompatible between these types.
    Type 'string' is not assignable to type 'FontStyle | undefined'.
src/app/(app)/reports/page.tsx(427,33): error TS2322: Type '{ fontStyle: string; }' is not assignable to type 'Partial<Styles>'.
  Types of property 'fontStyle' are incompatible.
    Type 'string' is not assignable to type 'FontStyle | undefined'.
src/app/(app)/reports/page.tsx(428,13): error TS2322: Type '({ content: string; styles: { cellPadding: { left: number; }; halign?: undefined; }; } | { content: string; styles: { halign: string; cellPadding?: undefined; }; })[]' is not assignable to type 'RowInput'.
  Type '({ content: string; styles: { cellPadding: { left: number; }; halign?: undefined; }; } | { content: string; styles: { halign: string; cellPadding?: undefined; }; })[]' is not assignable to type 'CellInput[]'.
    Type '{ content: string; styles: { cellPadding: { left: number; }; halign?: undefined; }; } | { content: string; styles: { halign: string; cellPadding?: undefined; }; }' is not assignable to type 'CellInput'.
      Type '{ content: string; styles: { halign: string; cellPadding?: undefined; }; }' is not assignable to type 'CellInput'.
        Type '{ content: string; styles: { halign: string; cellPadding?: undefined; }; }' is not assignable to type 'CellDef'.
          The types of 'styles.halign' are incompatible between these types.
            Type 'string' is not assignable to type 'HAlignType | undefined'.
src/app/(app)/reports/page.tsx(429,38): error TS2322: Type '{ fontStyle: string; }' is not assignable to type 'Partial<Styles>'.
  Types of property 'fontStyle' are incompatible.
    Type 'string' is not assignable to type 'FontStyle | undefined'.
src/app/(app)/reports/page.tsx(429,68): error TS2322: Type '{ content: string; styles: { halign: string; fontStyle: string; }; }' is not assignable to type 'CellInput'.
  The types of 'styles.fontStyle' are incompatible between these types.
    Type 'string' is not assignable to type 'FontStyle | undefined'.
src/app/(app)/reports/page.tsx(433,23): error TS2322: Type 'number[]' is not assignable to type 'Color | undefined'.
  Type 'number[]' is not assignable to type '[number, number, number]'.
    Target requires 3 element(s) but source may have fewer.
src/app/(app)/reports/page.tsx(452,23): error TS2322: Type 'number[]' is not assignable to type 'Color | undefined'.
  Type 'number[]' is not assignable to type '[number, number, number]'.
    Target requires 3 element(s) but source may have fewer.
src/app/(app)/reports/page.tsx(460,9): error TS2322: Type '(string | { content: string; styles: { halign: string; }; })[][]' is not assignable to type 'RowInput[]'.
  Type '(string | { content: string; styles: { halign: string; }; })[]' is not assignable to type 'RowInput'.
    Type '(string | { content: string; styles: { halign: string; }; })[]' is not assignable to type 'CellInput[]'.
      Type 'string | { content: string; styles: { halign: string; }; }' is not assignable to type 'CellInput'.
        Type '{ content: string; styles: { halign: string; }; }' is not assignable to type 'CellInput'.
          Type '{ content: string; styles: { halign: string; }; }' is not assignable to type 'CellDef'.
            The types of 'styles.halign' are incompatible between these types.
              Type 'string' is not assignable to type 'HAlignType | undefined'.
src/app/(app)/reports/page.tsx(466,23): error TS2322: Type 'number[]' is not assignable to type 'Color | undefined'.
  Type 'number[]' is not assignable to type '[number, number, number]'.
    Target requires 3 element(s) but source may have fewer.
src/app/(app)/reports/page.tsx(484,30): error TS18046: 'entries' is of type 'unknown'.
src/app/(app)/reports/page.tsx(485,31): error TS18046: 'entries' is of type 'unknown'.
src/app/(app)/reports/page.tsx(485,46): error TS7006: Parameter 'e' implicitly has an 'any' type.
src/app/(app)/reports/page.tsx(486,31): error TS18046: 'entries' is of type 'unknown'.
src/app/(app)/reports/page.tsx(486,46): error TS7006: Parameter 'e' implicitly has an 'any' type.
src/app/(app)/reports/page.tsx(488,32): error TS7006: Parameter 'entry' implicitly has an 'any' type.
src/app/(app)/reports/page.tsx(488,39): error TS7006: Parameter 'index' implicitly has an 'any' type.
src/app/(app)/reports/page.tsx(499,38): error TS7006: Parameter 'entry' implicitly has an 'any' type.
src/app/(app)/reports/page.tsx(513,23): error TS2322: Type 'number[]' is not assignable to type 'Color | undefined'.
  Type 'number[]' is not assignable to type '[number, number, number]'.
    Target requires 3 element(s) but source may have fewer.
src/app/(app)/reports/page.tsx(525,11): error TS2322: Type '({ content: string; styles: { cellPadding: { left: number; }; halign?: undefined; }; } | { content: string; styles: { halign: string; cellPadding?: undefined; }; })[]' is not assignable to type 'RowInput'.
  Type '({ content: string; styles: { cellPadding: { left: number; }; halign?: undefined; }; } | { content: string; styles: { halign: string; cellPadding?: undefined; }; })[]' is not assignable to type 'CellInput[]'.
    Type '{ content: string; styles: { cellPadding: { left: number; }; halign?: undefined; }; } | { content: string; styles: { halign: string; cellPadding?: undefined; }; }' is not assignable to type 'CellInput'.
      Type '{ content: string; styles: { halign: string; cellPadding?: undefined; }; }' is not assignable to type 'CellInput'.
        Type '{ content: string; styles: { halign: string; cellPadding?: undefined; }; }' is not assignable to type 'CellDef'.
          The types of 'styles.halign' are incompatible between these types.
            Type 'string' is not assignable to type 'HAlignType | undefined'.
src/app/(app)/reports/page.tsx(526,64): error TS2322: Type '{ fontStyle: string; }' is not assignable to type 'Partial<Styles>'.
  Types of property 'fontStyle' are incompatible.
    Type 'string' is not assignable to type 'FontStyle | undefined'.
src/app/(app)/reports/page.tsx(526,281): error TS2322: Type 'string' is not assignable to type 'HAlignType | undefined'.
src/app/(app)/reports/page.tsx(533,23): error TS2322: Type 'number[]' is not assignable to type 'Color | undefined'.
  Type 'number[]' is not assignable to type '[number, number, number]'.
    Target requires 3 element(s) but source may have fewer.
src/app/(app)/reports/page.tsx(546,27): error TS2322: Type 'number[]' is not assignable to type 'Color | undefined'.
  Type 'number[]' is not assignable to type '[number, number, number]'.
    Target requires 3 element(s) but source may have fewer.
src/app/(app)/settings/page.tsx(121,92): error TS2345: Argument of type '(entries: any[]) => { id: any; date: string; description: any; category: any; amount: number; type: string; accountId: string; } | null' is not assignable to parameter of type '(value: unknown, index: number, array: unknown[]) => { id: any; date: string; description: any; category: any; amount: number; type: string; accountId: string; } | null'.
  Types of parameters 'entries' and 'value' are incompatible.
    Type 'unknown' is not assignable to type 'any[]'.
src/components/layout/app-shell.tsx(21,15): error TS2305: Module '"@/lib/types"' has no exported member 'NavItem'.
src/components/layout/sidebar-nav.tsx(12,15): error TS2305: Module '"@/lib/types"' has no exported member 'NavItem'.
src/components/reports/general-journal.tsx(42,49): error TS18046: 'entries' is of type 'unknown'.
src/components/reports/general-journal.tsx(43,34): error TS18046: 'entries' is of type 'unknown'.
src/components/reports/general-journal.tsx(43,47): error TS7006: Parameter 'entry' implicitly has an 'any' type.
src/components/reports/general-journal.tsx(43,54): error TS7006: Parameter 'entryIndex' implicitly has an 'any' type.
src/components/reports/general-journal.tsx(45,82): error TS18046: 'entries' is of type 'unknown'.
src/components/reports/general-journal.tsx(60,43): error TS18046: 'entries' is of type 'unknown'.
src/components/ui/calendar.tsx(57,9): error TS2353: Object literal may only specify known properties, and 'IconLeft' does not exist in type 'Partial<CustomComponents>'.
src/components/ui/calendar.tsx(57,22): error TS7031: Binding element 'className' implicitly has an 'any' type.
src/components/ui/calendar.tsx(60,23): error TS7031: Binding element 'className' implicitly has an 'any' type.
src/contexts/app-provider.tsx(4,10): error TS2305: Module '"firebase/auth"' has no exported member 'collection'.
src/contexts/app-provider.tsx(4,22): error TS2305: Module '"firebase/auth"' has no exported member 'doc'.
src/contexts/app-provider.tsx(4,27): error TS2305: Module '"firebase/auth"' has no exported member 'setDoc'.
src/contexts/app-provider.tsx(4,35): error TS2305: Module '"firebase/auth"' has no exported member 'onSnapshot'.
src/contexts/app-provider.tsx(4,47): error TS2305: Module '"firebase/auth"' has no exported member 'query'.
src/contexts/app-provider.tsx(4,54): error TS2305: Module '"firebase/auth"' has no exported member 'deleteDoc'.
src/contexts/app-provider.tsx(4,65): error TS2305: Module '"firebase/auth"' has no exported member 'orderBy'.
src/contexts/app-provider.tsx(12,30): error TS7016: Could not find a declaration file for module 'uuid'. 'D:/a/Kumpulan aplikasi/Finansia Pro/node_modules/uuid/dist/esm-browser/index.js' implicitly has an 'any' type.
  Try `npm i --save-dev @types/uuid` if it exists or add a new declaration (.d.ts) file containing `declare module 'uuid';`
src/lib/constants.ts(15,60): error TS2322: Type '"Intangible Assets"' is not assignable to type '"Current Assets" | "Fixed Assets" | "Current Liabilities" | "Long-term Liabilities" | "Owner Equity" | "Sales Revenue" | "Other Revenue" | "Cost of Goods Sold" | "Operating Expenses"'.
src/lib/constants.ts(16,63): error TS2322: Type '"Intangible Assets"' is not assignable to type '"Current Assets" | "Fixed Assets" | "Current Liabilities" | "Long-term Liabilities" | "Owner Equity" | "Sales Revenue" | "Other Revenue" | "Cost of Goods Sold" | "Operating Expenses"'.
